0 homog 0.5 1.0 optK [1] grand regret frac 0.000
0 homog 0.9 1.0 optK [1] grand regret frac 0.000
0 homog 0.9 0.5 optK [1] grand regret frac 0.000
0 hetero 0.5 1.0 optK [1] grand regret frac 0.000
0 hetero 0.9 1.0 optK [2] grand regret frac 0.084
0 hetero 0.9 0.5 optK [1] grand regret frac 0.000
1 homog 0.5 1.0 optK [1] grand regret frac 0.000
1 homog 0.9 1.0 optK [1] grand regret frac 0.000
1 homog 0.9 0.5 optK [1] grand regret frac 0.000
1 hetero 0.5 1.0 optK [1] grand regret frac 0.000
1 hetero 0.9 1.0 optK [1] grand regret frac 0.000
1 hetero 0.9 0.5 optK [1] grand regret frac 0.000
2 homog 0.5 1.0 optK [1] grand regret frac 0.000
2 homog 0.9 1.0 optK [1] grand regret frac 0.000
2 homog 0.9 0.5 optK [1] grand regret frac 0.000
2 hetero 0.5 1.0 optK [3] grand regret frac 0.090
2 hetero 0.9 1.0 optK [1] grand regret frac 0.000
2 hetero 0.9 0.5 optK [1] grand regret frac 0.000
3 homog 0.5 1.0 optK [1] grand regret frac 0.000
3 homog 0.9 1.0 optK [1] grand regret frac 0.000
3 homog 0.9 0.5 optK [1] grand regret frac 0.000
3 hetero 0.5 1.0 optK [1] grand regret frac 0.000
3 hetero 0.9 1.0 optK [2] grand regret frac 0.003
3 hetero 0.9 0.5 optK [1] grand regret frac 0.000
4 homog 0.5 1.0 optK [1] grand regret frac 0.000
4 homog 0.9 1.0 optK [1] grand regret frac 0.000
4 homog 0.9 0.5 optK [1] grand regret frac 0.000
4 hetero 0.5 1.0 optK [1] grand regret frac 0.000
4 hetero 0.9 1.0 optK [1] grand regret frac 0.000
4 hetero 0.9 0.5 optK [1] grand regret frac 0.000
5 homog 0.5 1.0 optK [1] grand regret frac 0.000
5 homog 0.9 1.0 optK [1] grand regret frac 0.000
5 homog 0.9 0.5 optK [1] grand regret frac 0.000
5 hetero 0.5 1.0 optK [1] grand regret frac 0.000
5 hetero 0.9 1.0 optK [1] grand regret frac 0.000
5 hetero 0.9 0.5 optK [1] grand regret frac 0.000
